// Jest Snapshot v1, https://goo.gl/fbAQLP

exports[`HeadLine Component Should match the HeadLine Snapshot 1`] = `
<NewsList
  location={
    Object {
      "query": Object {
        "sorts": "top",
      },
    }
  }
  sorts="top"
>
  <div>
    <div
      className="container"
      id="articles"
    >
      <div
        className="row"
      >
        <div>
          <h1 />
        </div>
        <div>
          <div>
            <div>
              <h6
                htmlFor="sortsBy"
              >
                Sort By
              </h6>
            </div>
            <div
              className="form-group"
            >
              <select
                className="form-control col-md-6"
                id="sortsBy"
                onChange={[Function]}
              />
            </div>
          </div>
        </div>
      </div>
      <br />
      <br />
      <div />
    </div>
  </div>
</NewsList>
`;
